name: CI
on: [push]
jobs:
  govulncheck:
    uses: caarlos0/meta/.github/workflows/govulncheck.yml@395f87b2cc4fbb0a99db4decb1b3bbd16bc07cfc
  build:
    runs-on: ubuntu-latest
    steps:
      - uses: actions/checkout@f43a0e5ff2bd294095638e18286ca9a3d1956744
      - uses: docker/login-action@465a07811f14bebb1938fbed4728c6a1ff8901fc
      - uses: actions/setup-go@19bb51245e9c80abacb2e91cc42b33fa478b8639
